// Jest Snapshot v1, https://goo.gl/fbAQLP

exports[`renders the UI as expected 1`] = `
<div>
  <h2>
    Oh no!
  </h2>
  <h3>
    Error 404: Page Not Found
  </h3>
</div>
`;
